// Jest Snapshot v1, https://goo.gl/fbAQLP

exports[`Loading component should render with no styles 1`] = `
<ForwardRef(View)
  style={
    Object {
      "alignItems": "center",
      "flex": 1,
      "justifyContent": "center",
    }
  }
>
  <Row>
    <ForwardRef(Text)
      style={
        Object {
          "marginRight": 10,
        }
      }
    >
      Loading posts
    </ForwardRef(Text)>
    <ForwardRef(ActivityIndicator)
      animating={true}
      color="#999999"
      hidesWhenStopped={true}
      size="small"
    />
  </Row>
</ForwardRef(View)>
`;
