// Jest Snapshot v1, https://goo.gl/fbAQLP

exports[`LoginScreen should render 1`] = `
<PageContainer
  style={
    Object {
      "backgroundColor": "#3BB8FF",
      "padding": 20,
    }
  }
>
  <Logo
    style={
      Object {
        "alignSelf": "center",
        "marginTop": 120,
      }
    }
  />
  <Text
    accessible={true}
    allowFontScaling={true}
    ellipsizeMode="tail"
    style={
      Object {
        "color": "white",
        "fontFamily": "Roboto-Regular",
        "fontSize": 18,
        "marginTop": 30,
        "textAlign": "center",
      }
    }
  >
    All account operations are handled securely through steemconnect
  </Text>
  <Text
    accessible={true}
    allowFontScaling={true}
    ellipsizeMode="tail"
    style={
      Object {
        "color": "white",
        "fontFamily": "Roboto-Regular",
        "fontSize": 14,
        "marginTop": 10,
        "textAlign": "center",
      }
    }
  >
    We never store your passwords or private keys locally
  </Text>
  <TouchableOpacity
    activeOpacity={0.2}
    onPress={[MockFunction]}
    style={
      Object {
        "borderColor": "white",
        "borderRadius": 5,
        "borderWidth": 3,
        "flexDirection": "row",
        "justifyContent": "center",
        "marginTop": 40,
        "padding": 10,
        "width": "100%",
      }
    }
  >
    <Text
      accessible={true}
      allowFontScaling={true}
      ellipsizeMode="tail"
      style={
        Object {
          "color": "white",
          "fontFamily": "Roboto-Regular",
          "fontSize": 18,
        }
      }
    >
      Login
    </Text>
  </TouchableOpacity>
</PageContainer>
`;
